// Jest Snapshot v1, https://goo.gl/fbAQLP

exports[`renders correctly 1`] = `
<div
  styleName="main"
>
  <div
    className={undefined}
    style={
      Object {
        "WebkitTapHighlightColor": "rgba(0,0,0,0)",
        "backgroundColor": "#454545",
        "boxSizing": "border-box",
        "display": "flex",
        "height": 56,
        "justifyContent": "space-between",
        "muiPrepared": true,
        "padding": "0px 24px",
      }
    }
  >
    <div
      className={undefined}
      style={
        Object {
          "alignItems": "center",
          "display": "flex",
          "justifyContent": "space-between",
          "marginLeft": undefined,
          "marginRight": undefined,
          "muiPrepared": true,
          "position": "relative",
        }
      }
      styleName="main"
    >
      <div
        styleName="search-bar"
      >
        <input
          onChange={[Function]}
          onKeyPress={[Function]}
        />
        <button
          className="MuiButtonBase-root-23 MuiButton-root-1 MuiButton-flat-5"
          disabled={false}
          onBlur={[Function]}
          onClick={[Function]}
          onFocus={[Function]}
          onKeyDown={[Function]}
          onKeyUp={[Function]}
          onMouseDown={[Function]}
          onMouseLeave={[Function]}
          onMouseUp={[Function]}
          onTouchEnd={[Function]}
          onTouchMove={[Function]}
          onTouchStart={[Function]}
          style={
            Object {
              "backgroundColor": "#e71d37",
              "color": "white",
              "fontSize": 12,
              "height": 30,
              "marginBottom": 4,
              "minHeight": 0,
              "textTransform": "capitalize",
            }
          }
          tabIndex="0"
          type="button"
        >
          <span
            className="MuiButton-label-2"
          >
            Search
          </span>
          <span
            className="MuiTouchRipple-root-26"
          />
        </button>
      </div>
      <div
        style={
          Object {
            "top": 0,
          }
        }
        styleName="sort-bar"
      >
        <button
          className="MuiButtonBase-root-23 MuiButton-root-1 MuiButton-flat-5"
          disabled={false}
          onBlur={[Function]}
          onClick={[Function]}
          onFocus={[Function]}
          onKeyDown={[Function]}
          onKeyUp={[Function]}
          onMouseDown={[Function]}
          onMouseLeave={[Function]}
          onMouseUp={[Function]}
          onTouchEnd={[Function]}
          onTouchMove={[Function]}
          onTouchStart={[Function]}
          style={
            Object {
              "backgroundColor": "#313131",
              "color": "white",
              "fontSize": 12,
              "height": 35,
              "marginBottom": 4,
              "minHeight": 0,
              "textTransform": "capitalize",
              "width": 110,
            }
          }
          tabIndex="0"
          type="button"
        >
          <span
            className="MuiButton-label-2"
          >
            Sort Articles
          </span>
          <span
            className="MuiTouchRipple-root-26"
          />
        </button>
      </div>
    </div>
  </div>
</div>
`;
